---
source: crates/mel-cli/src/main.rs
assertion_line: 1418
expression: "render_snapshot(\"sema/proc/typed-return-type-mismatch.mel\",\ninclude_str!(\"../../../tests/corpus/sema/proc/typed-return-type-mismatch.mel\"),)"
---
source: sema/proc/typed-return-type-mismatch.mel
encoding: utf-8
items: 1
decode diagnostics: 0
lexical diagnostics: 0
parse errors: 0
semantic diagnostics: 1
[33mWarning:[0m sema: proc "helper" returns String but declares Int
   [38;5;246m╭[0m[38;5;246m─[0m[38;5;246m[[0m sema/proc/typed-return-type-mismatch.mel:2:5 [38;5;246m][0m
   [38;5;246m│[0m
 [38;5;246m2 │[0m [38;5;249m [0m[38;5;249m [0m[38;5;249m [0m[38;5;249m [0m[33mr[0m[33me[0m[33mt[0m[33mu[0m[33mr[0m[33mn[0m[33m [0m[33m"[0m[33mb[0m[33ma[0m[33md[0m[33m"[0m[33m;[0m
 [38;5;240m  │[0m     [33m─[0m[33m─[0m[33m─[0m[33m─[0m[33m─[0m[33m─[0m[33m┬[0m[33m─[0m[33m─[0m[33m─[0m[33m─[0m[33m─[0m[33m─[0m  
 [38;5;240m  │[0m           [33m╰[0m[33m─[0m[33m─[0m[33m─[0m[33m─[0m[33m─[0m[33m─[0m[33m─[0m[33m─[0m proc "helper" returns String but declares Int
[38;5;246m───╯[0m
